

╔═══════════════════════════════════════════════════════════════╗
║     COMPREHENSIVE FRONTEND-BACKEND INTEGRATION TEST SUITE     ║
╚═══════════════════════════════════════════════════════════════╝

Test Started at: 2025-10-27T08:20:59.258Z


┌─────────────────────────────────────────┐
│  TEST SUITE 1: HEALTH & CONNECTIVITY    │
└─────────────────────────────────────────┘

✅ Backend Health Check
✅ Database Connection
✅ API Endpoint Accessibility
   Status: 400

┌─────────────────────────────────────────┐
│  TEST SUITE 2: AUTHENTICATION FLOW      │
└─────────────────────────────────────────┘

❌ Send OTP
   Duration: 30ms
🚀 Send OTP: 30ms
❌ Verify OTP
   No token received
⚠️  Authentication failed - using existing test user if available

┌─────────────────────────────────────────┐
│  TEST SUITE 3: PRODUCTS & STORES        │
└─────────────────────────────────────────┘

❌ Get Products List
🚀 Get Products: 4ms
❌ Get Stores List
🚀 Get Stores: 4ms
❌ Search Products
🚀 Product Search: 6ms
❌ Get Categories

┌─────────────────────────────────────────┐
│  TEST SUITE 4: CART OPERATIONS          │
└─────────────────────────────────────────┘

⚠️  Skipping cart tests - no authentication token

┌─────────────────────────────────────────┐
│  TEST SUITE 5: ORDER OPERATIONS         │
└─────────────────────────────────────────┘

⚠️  Skipping order tests - no authentication token

┌─────────────────────────────────────────┐
│  TEST SUITE 6: WISHLIST OPERATIONS      │
└─────────────────────────────────────────┘

⚠️  Skipping wishlist tests - no authentication token

┌─────────────────────────────────────────┐
│  TEST SUITE 7: REVIEW OPERATIONS        │
└─────────────────────────────────────────┘

⚠️  Skipping review tests - no authentication token

┌─────────────────────────────────────────┐
│  TEST SUITE 8: WALLET OPERATIONS        │
└─────────────────────────────────────────┘

⚠️  Skipping wallet tests - no authentication token

┌─────────────────────────────────────────┐
│  TEST SUITE 9: NOTIFICATION OPERATIONS  │
└─────────────────────────────────────────┘

⚠️  Skipping notification tests - no authentication token

┌─────────────────────────────────────────┐
│  TEST SUITE 10: OFFERS & VOUCHERS       │
└─────────────────────────────────────────┘

❌ Get Offers
🚀 Get Offers: 6ms

┌─────────────────────────────────────────┐
│  TEST SUITE 11: SOCIAL FEATURES         │
└─────────────────────────────────────────┘

❌ Get Videos/Content
🚀 Get Videos: 4ms
❌ Get Projects

┌─────────────────────────────────────────┐
│  TEST SUITE 12: SEARCH FUNCTIONALITY    │
└─────────────────────────────────────────┘

❌ Search Products
🚀 Product Search: 3ms
❌ Search Stores
🚀 Store Search: 6ms
❌ Filter Products

┌─────────────────────────────────────────┐
│  TEST SUITE 13: PAYMENT INTEGRATION     │
└─────────────────────────────────────────┘

⚠️  Skipping payment tests - no authentication token

┌─────────────────────────────────────────┐
│  TEST SUITE 14: ADVANCED FEATURES       │
└─────────────────────────────────────────┘

⚠️  Skipping advanced feature tests - no authentication token

┌─────────────────────────────────────────┐
│  TEST SUITE 15: ERROR HANDLING          │
└─────────────────────────────────────────┘

✅ Handle Invalid Endpoint
❌ Handle Unauthorized Access
✅ Handle Invalid Data



═══════════════════════════════════════════════════════════════
           COMPREHENSIVE INTEGRATION TEST REPORT               
═══════════════════════════════════════════════════════════════

✅ PASSED TESTS: 5
❌ FAILED TESTS: 13
⚠️  WARNINGS: 9


❌ FAILED TESTS:
─────────────────────────────────────────

• Send OTP
  Details: Duration: 30ms

• Verify OTP
  Details: No token received

• Get Products List

• Get Stores List

• Search Products

• Get Categories

• Get Offers

• Get Videos/Content

• Get Projects

• Search Products

• Search Stores

• Filter Products

• Handle Unauthorized Access


⚠️  WARNINGS:
─────────────────────────────────────────
• Authentication failed - using existing test user if available
• Skipping cart tests - no authentication token
• Skipping order tests - no authentication token
• Skipping wishlist tests - no authentication token
• Skipping review tests - no authentication token
• Skipping wallet tests - no authentication token
• Skipping notification tests - no authentication token
• Skipping payment tests - no authentication token
• Skipping advanced feature tests - no authentication token


⚡ PERFORMANCE ANALYSIS:
─────────────────────────────────────────
Average Response Time: 7.88ms


📊 OVERALL STATISTICS:
─────────────────────────────────────────
Total Tests Run: 18
Success Rate: 27.78%
Total Warnings: 9

═══════════════════════════════════════════════════════════════


Test Completed at: 2025-10-27T08:20:59.620Z

